// Jest Snapshot v1, https://goo.gl/fbAQLP

exports[`should return Expense List Item 1`] = `
<Link
  className="list-item"
  replace={false}
  to="/edit/undefined"
>
  <div
    className="list-item__header"
  >
    <h3
      className="list-item__title"
    >
      Gum
    </h3>
    <span
      className="list-item__subtitle"
    >
      January 5th 1970
    </span>
  </div>
  <h3
    className="list-item__data"
  >
    ₹2.50
  </h3>
</Link>
`;
